// Jest Snapshot v1, https://goo.gl/fbAQLP

exports[`[Query] posts return posts 1`] = `
Object {
  "data": Object {
    "posts": Array [
      Object {
        "body": "quia et suscipit suscipit recusandae consequuntur expedita et cum reprehenderit molestiae ut ut quas totam nostrum rerum est autem sunt rem eveniet architecto",
        "id": 1,
        "title": "sunt aut facere repellat provident occaecati excepturi optio reprehenderit",
        "userId": 1,
      },
      Object {
        "body": "est rerum tempore vitae sequi sint nihil reprehenderit dolor beatae ea dolores neque fugiat blanditiis voluptate porro vel nihil molestiae ut reiciendis qui aperiam non debitis possimus qui neque nisi nulla",
        "id": 2,
        "title": "qui est esse",
        "userId": 1,
      },
      Object {
        "body": "et iusto sed quo iure voluptatem occaecati omnis eligendi aut ad voluptatem doloribus vel accusantium quis pariatur molestiae porro eius odio et labore et velit aut",
        "id": 3,
        "title": "ea molestias quasi exercitationem repellat qui ipsa sit aut",
        "userId": 1,
      },
    ],
  },
  "errors": undefined,
  "extensions": undefined,
  "http": Object {
    "headers": Headers {
      Symbol(map): Object {},
    },
  },
}
`;
