// Bun Snapshot v1, https://goo.gl/fbAQLP

exports[`[Mutation] createQuestionnaire can create new questionnaire 1`] = `
{
  "body": {
    "kind": "single",
    "singleResult": {
      "data": {
        "createQuestionnaire": {
          "questionnaire": {
            "description": "inventore eum sed laboriosam qui repudiandae in eum quidem illo",
            "endAt": "2021-01-31T23:59:59.000Z",
            "id": 1,
            "questions": [
              {
                "id": 1,
                "options": [
                  {
                    "id": 1,
                    "text": "Option1-1",
                  },
                  {
                    "id": 2,
                    "text": "Option1-2",
                  },
                ],
                "text": "Question1",
                "type": 1,
              },
              {
                "id": 2,
                "options": [
                  {
                    "id": 1,
                    "text": "Option2-1",
                  },
                  {
                    "id": 2,
                    "text": "Option2-2",
                  },
                ],
                "text": "Question2",
                "type": 2,
              },
            ],
            "startAt": "2021-01-01T00:00:00.000Z",
            "state": 1,
            "title": "Test questionnaire",
          },
        },
      },
      "errors": undefined,
    },
  },
  "http": {
    "headers": 
Map {
      "cache-control" => "no-store",
    }
,
    "status": undefined,
  },
}
`;
