// Bun Snapshot v1, https://goo.gl/fbAQLP

exports[`[Mutation] deleteQuestionnaire can soft delete questionnaire 1`] = `
{
  "body": {
    "kind": "single",
    "singleResult": {
      "data": {
        "deleteQuestionnaire": {
          "result": true,
        },
      },
      "errors": undefined,
    },
  },
  "http": {
    "headers": 
Map {
      "cache-control" => "no-store",
    }
,
    "status": undefined,
  },
}
`;
